Performing C SOURCE FILE Test CMAKE_HAVE_LIBC_PTHREAD failed with the following output:
Change Dir: /root/catkin_ws/newui_Greyform/build/CMakeFiles/CMakeTmp

Run Build Command(s):/usr/bin/make cmTC_10384/fast && /usr/bin/make -f CMakeFiles/cmTC_10384.dir/build.make CMakeFiles/cmTC_10384.dir/build
make[1]: Entering directory '/root/catkin_ws/newui_Greyform/build/CMakeFiles/CMakeTmp'
Building C object CMakeFiles/cmTC_10384.dir/src.c.o
/usr/bin/cc   -DCMAKE_HAVE_LIBC_PTHREAD   -o CMakeFiles/cmTC_10384.dir/src.c.o   -c /root/catkin_ws/newui_Greyform/build/CMakeFiles/CMakeTmp/src.c
Linking C executable cmTC_10384
/usr/bin/cmake -E cmake_link_script CMakeFiles/cmTC_10384.dir/link.txt --verbose=1
/usr/bin/cc  -DCMAKE_HAVE_LIBC_PTHREAD    -rdynamic CMakeFiles/cmTC_10384.dir/src.c.o  -o cmTC_10384 
/usr/bin/ld: CMakeFiles/cmTC_10384.dir/src.c.o: in function `main':
src.c:(.text+0x46): undefined reference to `pthread_create'
/usr/bin/ld: src.c:(.text+0x52): undefined reference to `pthread_detach'
/usr/bin/ld: src.c:(.text+0x63): undefined reference to `pthread_join'
collect2: error: ld returned 1 exit status
make[1]: *** [CMakeFiles/cmTC_10384.dir/build.make:87: cmTC_10384] Error 1
make[1]: Leaving directory '/root/catkin_ws/newui_Greyform/build/CMakeFiles/CMakeTmp'
make: *** [Makefile:121: cmTC_10384/fast] Error 2


Source file was:
#include <pthread.h>

void* test_func(void* data)
{
  return data;
}

int main(void)
{
  pthread_t thread;
  pthread_create(&thread, NULL, test_func, NULL);
  pthread_detach(thread);
  pthread_join(thread, NULL);
  pthread_atfork(NULL, NULL, NULL);
  pthread_exit(NULL);

  return 0;
}

Determining if the function pthread_create exists in the pthreads failed with the following output:
Change Dir: /root/catkin_ws/newui_Greyform/build/CMakeFiles/CMakeTmp

Run Build Command(s):/usr/bin/make cmTC_0ac77/fast && /usr/bin/make -f CMakeFiles/cmTC_0ac77.dir/build.make CMakeFiles/cmTC_0ac77.dir/build
make[1]: Entering directory '/root/catkin_ws/newui_Greyform/build/CMakeFiles/CMakeTmp'
Building C object CMakeFiles/cmTC_0ac77.dir/CheckFunctionExists.c.o
/usr/bin/cc   -DCHECK_FUNCTION_EXISTS=pthread_create   -o CMakeFiles/cmTC_0ac77.dir/CheckFunctionExists.c.o   -c /usr/share/cmake-3.16/Modules/CheckFunctionExists.c
Linking C executable cmTC_0ac77
/usr/bin/cmake -E cmake_link_script CMakeFiles/cmTC_0ac77.dir/link.txt --verbose=1
/usr/bin/cc  -DCHECK_FUNCTION_EXISTS=pthread_create    -rdynamic CMakeFiles/cmTC_0ac77.dir/CheckFunctionExists.c.o  -o cmTC_0ac77  -lpthreads 
/usr/bin/ld: cannot find -lpthreads
collect2: error: ld returned 1 exit status
make[1]: *** [CMakeFiles/cmTC_0ac77.dir/build.make:87: cmTC_0ac77] Error 1
make[1]: Leaving directory '/root/catkin_ws/newui_Greyform/build/CMakeFiles/CMakeTmp'
make: *** [Makefile:121: cmTC_0ac77/fast] Error 2



Performing C SOURCE FILE Test CMAKE_HAVE_LIBC_PTHREAD failed with the following output:
Change Dir: /root/catkin_ws/newui_Greyform/build/CMakeFiles/CMakeTmp

Run Build Command(s):/usr/bin/make cmTC_d5cd7/fast && /usr/bin/make -f CMakeFiles/cmTC_d5cd7.dir/build.make CMakeFiles/cmTC_d5cd7.dir/build
make[1]: Entering directory '/root/catkin_ws/newui_Greyform/build/CMakeFiles/CMakeTmp'
Building C object CMakeFiles/cmTC_d5cd7.dir/src.c.o
/usr/bin/cc   -DCMAKE_HAVE_LIBC_PTHREAD   -o CMakeFiles/cmTC_d5cd7.dir/src.c.o   -c /root/catkin_ws/newui_Greyform/build/CMakeFiles/CMakeTmp/src.c
Linking C executable cmTC_d5cd7
/usr/bin/cmake -E cmake_link_script CMakeFiles/cmTC_d5cd7.dir/link.txt --verbose=1
/usr/bin/cc  -DCMAKE_HAVE_LIBC_PTHREAD    CMakeFiles/cmTC_d5cd7.dir/src.c.o  -o cmTC_d5cd7 
/usr/bin/ld: CMakeFiles/cmTC_d5cd7.dir/src.c.o: in function `main':
src.c:(.text+0x46): undefined reference to `pthread_create'
/usr/bin/ld: src.c:(.text+0x52): undefined reference to `pthread_detach'
/usr/bin/ld: src.c:(.text+0x63): undefined reference to `pthread_join'
collect2: error: ld returned 1 exit status
make[1]: *** [CMakeFiles/cmTC_d5cd7.dir/build.make:87: cmTC_d5cd7] Error 1
make[1]: Leaving directory '/root/catkin_ws/newui_Greyform/build/CMakeFiles/CMakeTmp'
make: *** [Makefile:121: cmTC_d5cd7/fast] Error 2


Source file was:
#include <pthread.h>

void* test_func(void* data)
{
  return data;
}

int main(void)
{
  pthread_t thread;
  pthread_create(&thread, NULL, test_func, NULL);
  pthread_detach(thread);
  pthread_join(thread, NULL);
  pthread_atfork(NULL, NULL, NULL);
  pthread_exit(NULL);

  return 0;
}

Determining if the function pthread_create exists in the pthreads failed with the following output:
Change Dir: /root/catkin_ws/newui_Greyform/build/CMakeFiles/CMakeTmp

Run Build Command(s):/usr/bin/make cmTC_95786/fast && /usr/bin/make -f CMakeFiles/cmTC_95786.dir/build.make CMakeFiles/cmTC_95786.dir/build
make[1]: Entering directory '/root/catkin_ws/newui_Greyform/build/CMakeFiles/CMakeTmp'
Building C object CMakeFiles/cmTC_95786.dir/CheckFunctionExists.c.o
/usr/bin/cc   -DCHECK_FUNCTION_EXISTS=pthread_create   -o CMakeFiles/cmTC_95786.dir/CheckFunctionExists.c.o   -c /usr/share/cmake-3.16/Modules/CheckFunctionExists.c
Linking C executable cmTC_95786
/usr/bin/cmake -E cmake_link_script CMakeFiles/cmTC_95786.dir/link.txt --verbose=1
/usr/bin/cc  -DCHECK_FUNCTION_EXISTS=pthread_create    CMakeFiles/cmTC_95786.dir/CheckFunctionExists.c.o  -o cmTC_95786  -lpthreads 
/usr/bin/ld: cannot find -lpthreads
collect2: error: ld returned 1 exit status
make[1]: *** [CMakeFiles/cmTC_95786.dir/build.make:87: cmTC_95786] Error 1
make[1]: Leaving directory '/root/catkin_ws/newui_Greyform/build/CMakeFiles/CMakeTmp'
make: *** [Makefile:121: cmTC_95786/fast] Error 2



Performing C SOURCE FILE Test CMAKE_HAVE_LIBC_PTHREAD failed with the following output:
Change Dir: /root/catkin_ws/newui_Greyform/build/CMakeFiles/CMakeTmp

Run Build Command(s):/usr/bin/make cmTC_2829f/fast && /usr/bin/make -f CMakeFiles/cmTC_2829f.dir/build.make CMakeFiles/cmTC_2829f.dir/build
make[1]: Entering directory '/root/catkin_ws/newui_Greyform/build/CMakeFiles/CMakeTmp'
Building C object CMakeFiles/cmTC_2829f.dir/src.c.o
/usr/bin/cc   -DCMAKE_HAVE_LIBC_PTHREAD   -o CMakeFiles/cmTC_2829f.dir/src.c.o   -c /root/catkin_ws/newui_Greyform/build/CMakeFiles/CMakeTmp/src.c
Linking C executable cmTC_2829f
/usr/bin/cmake -E cmake_link_script CMakeFiles/cmTC_2829f.dir/link.txt --verbose=1
/usr/bin/cc  -DCMAKE_HAVE_LIBC_PTHREAD    CMakeFiles/cmTC_2829f.dir/src.c.o  -o cmTC_2829f 
/usr/bin/ld: CMakeFiles/cmTC_2829f.dir/src.c.o: in function `main':
src.c:(.text+0x46): undefined reference to `pthread_create'
/usr/bin/ld: src.c:(.text+0x52): undefined reference to `pthread_detach'
/usr/bin/ld: src.c:(.text+0x63): undefined reference to `pthread_join'
collect2: error: ld returned 1 exit status
make[1]: *** [CMakeFiles/cmTC_2829f.dir/build.make:87: cmTC_2829f] Error 1
make[1]: Leaving directory '/root/catkin_ws/newui_Greyform/build/CMakeFiles/CMakeTmp'
make: *** [Makefile:121: cmTC_2829f/fast] Error 2


Source file was:
#include <pthread.h>

void* test_func(void* data)
{
  return data;
}

int main(void)
{
  pthread_t thread;
  pthread_create(&thread, NULL, test_func, NULL);
  pthread_detach(thread);
  pthread_join(thread, NULL);
  pthread_atfork(NULL, NULL, NULL);
  pthread_exit(NULL);

  return 0;
}

Determining if the function pthread_create exists in the pthreads failed with the following output:
Change Dir: /root/catkin_ws/newui_Greyform/build/CMakeFiles/CMakeTmp

Run Build Command(s):/usr/bin/make cmTC_1ef0d/fast && /usr/bin/make -f CMakeFiles/cmTC_1ef0d.dir/build.make CMakeFiles/cmTC_1ef0d.dir/build
make[1]: Entering directory '/root/catkin_ws/newui_Greyform/build/CMakeFiles/CMakeTmp'
Building C object CMakeFiles/cmTC_1ef0d.dir/CheckFunctionExists.c.o
/usr/bin/cc   -DCHECK_FUNCTION_EXISTS=pthread_create   -o CMakeFiles/cmTC_1ef0d.dir/CheckFunctionExists.c.o   -c /usr/share/cmake-3.16/Modules/CheckFunctionExists.c
Linking C executable cmTC_1ef0d
/usr/bin/cmake -E cmake_link_script CMakeFiles/cmTC_1ef0d.dir/link.txt --verbose=1
/usr/bin/cc  -DCHECK_FUNCTION_EXISTS=pthread_create    CMakeFiles/cmTC_1ef0d.dir/CheckFunctionExists.c.o  -o cmTC_1ef0d  -lpthreads 
/usr/bin/ld: cannot find -lpthreads
collect2: error: ld returned 1 exit status
make[1]: *** [CMakeFiles/cmTC_1ef0d.dir/build.make:87: cmTC_1ef0d] Error 1
make[1]: Leaving directory '/root/catkin_ws/newui_Greyform/build/CMakeFiles/CMakeTmp'
make: *** [Makefile:121: cmTC_1ef0d/fast] Error 2



Performing C SOURCE FILE Test CMAKE_HAVE_LIBC_PTHREAD failed with the following output:
Change Dir: /root/catkin_ws/newui_Greyform/build/CMakeFiles/CMakeTmp

Run Build Command(s):/usr/bin/make cmTC_f2764/fast && /usr/bin/make -f CMakeFiles/cmTC_f2764.dir/build.make CMakeFiles/cmTC_f2764.dir/build
make[1]: Entering directory '/root/catkin_ws/newui_Greyform/build/CMakeFiles/CMakeTmp'
Building C object CMakeFiles/cmTC_f2764.dir/src.c.o
/usr/bin/cc   -DCMAKE_HAVE_LIBC_PTHREAD   -o CMakeFiles/cmTC_f2764.dir/src.c.o   -c /root/catkin_ws/newui_Greyform/build/CMakeFiles/CMakeTmp/src.c
Linking C executable cmTC_f2764
/usr/bin/cmake -E cmake_link_script CMakeFiles/cmTC_f2764.dir/link.txt --verbose=1
/usr/bin/cc  -DCMAKE_HAVE_LIBC_PTHREAD    CMakeFiles/cmTC_f2764.dir/src.c.o  -o cmTC_f2764 
/usr/bin/ld: CMakeFiles/cmTC_f2764.dir/src.c.o: in function `main':
src.c:(.text+0x46): undefined reference to `pthread_create'
/usr/bin/ld: src.c:(.text+0x52): undefined reference to `pthread_detach'
/usr/bin/ld: src.c:(.text+0x63): undefined reference to `pthread_join'
collect2: error: ld returned 1 exit status
make[1]: *** [CMakeFiles/cmTC_f2764.dir/build.make:87: cmTC_f2764] Error 1
make[1]: Leaving directory '/root/catkin_ws/newui_Greyform/build/CMakeFiles/CMakeTmp'
make: *** [Makefile:121: cmTC_f2764/fast] Error 2


Source file was:
#include <pthread.h>

void* test_func(void* data)
{
  return data;
}

int main(void)
{
  pthread_t thread;
  pthread_create(&thread, NULL, test_func, NULL);
  pthread_detach(thread);
  pthread_join(thread, NULL);
  pthread_atfork(NULL, NULL, NULL);
  pthread_exit(NULL);

  return 0;
}

Determining if the function pthread_create exists in the pthreads failed with the following output:
Change Dir: /root/catkin_ws/newui_Greyform/build/CMakeFiles/CMakeTmp

Run Build Command(s):/usr/bin/make cmTC_4b3e0/fast && /usr/bin/make -f CMakeFiles/cmTC_4b3e0.dir/build.make CMakeFiles/cmTC_4b3e0.dir/build
make[1]: Entering directory '/root/catkin_ws/newui_Greyform/build/CMakeFiles/CMakeTmp'
Building C object CMakeFiles/cmTC_4b3e0.dir/CheckFunctionExists.c.o
/usr/bin/cc   -DCHECK_FUNCTION_EXISTS=pthread_create   -o CMakeFiles/cmTC_4b3e0.dir/CheckFunctionExists.c.o   -c /usr/share/cmake-3.16/Modules/CheckFunctionExists.c
Linking C executable cmTC_4b3e0
/usr/bin/cmake -E cmake_link_script CMakeFiles/cmTC_4b3e0.dir/link.txt --verbose=1
/usr/bin/cc  -DCHECK_FUNCTION_EXISTS=pthread_create    CMakeFiles/cmTC_4b3e0.dir/CheckFunctionExists.c.o  -o cmTC_4b3e0  -lpthreads 
/usr/bin/ld: cannot find -lpthreads
collect2: error: ld returned 1 exit status
make[1]: *** [CMakeFiles/cmTC_4b3e0.dir/build.make:87: cmTC_4b3e0] Error 1
make[1]: Leaving directory '/root/catkin_ws/newui_Greyform/build/CMakeFiles/CMakeTmp'
make: *** [Makefile:121: cmTC_4b3e0/fast] Error 2



Performing C SOURCE FILE Test CMAKE_HAVE_LIBC_PTHREAD failed with the following output:
Change Dir: /root/catkin_ws/newui_Greyform/build/CMakeFiles/CMakeTmp

Run Build Command(s):/usr/bin/make cmTC_36a99/fast && make[1]: Entering directory '/root/catkin_ws/newui_Greyform/build/CMakeFiles/CMakeTmp'
/usr/bin/make -f CMakeFiles/cmTC_36a99.dir/build.make CMakeFiles/cmTC_36a99.dir/build
make[2]: Entering directory '/root/catkin_ws/newui_Greyform/build/CMakeFiles/CMakeTmp'
Building C object CMakeFiles/cmTC_36a99.dir/src.c.o
/usr/bin/cc   -DCMAKE_HAVE_LIBC_PTHREAD   -o CMakeFiles/cmTC_36a99.dir/src.c.o   -c /root/catkin_ws/newui_Greyform/build/CMakeFiles/CMakeTmp/src.c
Linking C executable cmTC_36a99
/usr/bin/cmake -E cmake_link_script CMakeFiles/cmTC_36a99.dir/link.txt --verbose=1
/usr/bin/cc  -DCMAKE_HAVE_LIBC_PTHREAD    CMakeFiles/cmTC_36a99.dir/src.c.o  -o cmTC_36a99 
/usr/bin/ld: CMakeFiles/cmTC_36a99.dir/src.c.o: in function `main':
src.c:(.text+0x46): undefined reference to `pthread_create'
/usr/bin/ld: src.c:(.text+0x52): undefined reference to `pthread_detach'
/usr/bin/ld: src.c:(.text+0x63): undefined reference to `pthread_join'
collect2: error: ld returned 1 exit status
make[2]: *** [CMakeFiles/cmTC_36a99.dir/build.make:87: cmTC_36a99] Error 1
make[2]: Leaving directory '/root/catkin_ws/newui_Greyform/build/CMakeFiles/CMakeTmp'
make[1]: *** [Makefile:121: cmTC_36a99/fast] Error 2
make[1]: Leaving directory '/root/catkin_ws/newui_Greyform/build/CMakeFiles/CMakeTmp'


Source file was:
#include <pthread.h>

void* test_func(void* data)
{
  return data;
}

int main(void)
{
  pthread_t thread;
  pthread_create(&thread, NULL, test_func, NULL);
  pthread_detach(thread);
  pthread_join(thread, NULL);
  pthread_atfork(NULL, NULL, NULL);
  pthread_exit(NULL);

  return 0;
}

Determining if the function pthread_create exists in the pthreads failed with the following output:
Change Dir: /root/catkin_ws/newui_Greyform/build/CMakeFiles/CMakeTmp

Run Build Command(s):/usr/bin/make cmTC_27e9f/fast && make[1]: Entering directory '/root/catkin_ws/newui_Greyform/build/CMakeFiles/CMakeTmp'
/usr/bin/make -f CMakeFiles/cmTC_27e9f.dir/build.make CMakeFiles/cmTC_27e9f.dir/build
make[2]: Entering directory '/root/catkin_ws/newui_Greyform/build/CMakeFiles/CMakeTmp'
Building C object CMakeFiles/cmTC_27e9f.dir/CheckFunctionExists.c.o
/usr/bin/cc   -DCHECK_FUNCTION_EXISTS=pthread_create   -o CMakeFiles/cmTC_27e9f.dir/CheckFunctionExists.c.o   -c /usr/share/cmake-3.16/Modules/CheckFunctionExists.c
Linking C executable cmTC_27e9f
/usr/bin/cmake -E cmake_link_script CMakeFiles/cmTC_27e9f.dir/link.txt --verbose=1
/usr/bin/cc  -DCHECK_FUNCTION_EXISTS=pthread_create    CMakeFiles/cmTC_27e9f.dir/CheckFunctionExists.c.o  -o cmTC_27e9f  -lpthreads 
/usr/bin/ld: cannot find -lpthreads
collect2: error: ld returned 1 exit status
make[2]: *** [CMakeFiles/cmTC_27e9f.dir/build.make:87: cmTC_27e9f] Error 1
make[2]: Leaving directory '/root/catkin_ws/newui_Greyform/build/CMakeFiles/CMakeTmp'
make[1]: *** [Makefile:121: cmTC_27e9f/fast] Error 2
make[1]: Leaving directory '/root/catkin_ws/newui_Greyform/build/CMakeFiles/CMakeTmp'



Performing C SOURCE FILE Test CMAKE_HAVE_LIBC_PTHREAD failed with the following output:
Change Dir: /root/catkin_ws/newui_Greyform/build/CMakeFiles/CMakeTmp

Run Build Command(s):/usr/bin/make cmTC_b1660/fast && /usr/bin/make -f CMakeFiles/cmTC_b1660.dir/build.make CMakeFiles/cmTC_b1660.dir/build
make[1]: Entering directory '/root/catkin_ws/newui_Greyform/build/CMakeFiles/CMakeTmp'
Building C object CMakeFiles/cmTC_b1660.dir/src.c.o
/usr/bin/cc   -DCMAKE_HAVE_LIBC_PTHREAD   -o CMakeFiles/cmTC_b1660.dir/src.c.o   -c /root/catkin_ws/newui_Greyform/build/CMakeFiles/CMakeTmp/src.c
Linking C executable cmTC_b1660
/usr/bin/cmake -E cmake_link_script CMakeFiles/cmTC_b1660.dir/link.txt --verbose=1
/usr/bin/cc  -DCMAKE_HAVE_LIBC_PTHREAD    CMakeFiles/cmTC_b1660.dir/src.c.o  -o cmTC_b1660 
/usr/bin/ld: CMakeFiles/cmTC_b1660.dir/src.c.o: in function `main':
src.c:(.text+0x46): undefined reference to `pthread_create'
/usr/bin/ld: src.c:(.text+0x52): undefined reference to `pthread_detach'
/usr/bin/ld: src.c:(.text+0x63): undefined reference to `pthread_join'
collect2: error: ld returned 1 exit status
make[1]: *** [CMakeFiles/cmTC_b1660.dir/build.make:87: cmTC_b1660] Error 1
make[1]: Leaving directory '/root/catkin_ws/newui_Greyform/build/CMakeFiles/CMakeTmp'
make: *** [Makefile:121: cmTC_b1660/fast] Error 2


Source file was:
#include <pthread.h>

void* test_func(void* data)
{
  return data;
}

int main(void)
{
  pthread_t thread;
  pthread_create(&thread, NULL, test_func, NULL);
  pthread_detach(thread);
  pthread_join(thread, NULL);
  pthread_atfork(NULL, NULL, NULL);
  pthread_exit(NULL);

  return 0;
}

Determining if the function pthread_create exists in the pthreads failed with the following output:
Change Dir: /root/catkin_ws/newui_Greyform/build/CMakeFiles/CMakeTmp

Run Build Command(s):/usr/bin/make cmTC_13dca/fast && /usr/bin/make -f CMakeFiles/cmTC_13dca.dir/build.make CMakeFiles/cmTC_13dca.dir/build
make[1]: Entering directory '/root/catkin_ws/newui_Greyform/build/CMakeFiles/CMakeTmp'
Building C object CMakeFiles/cmTC_13dca.dir/CheckFunctionExists.c.o
/usr/bin/cc   -DCHECK_FUNCTION_EXISTS=pthread_create   -o CMakeFiles/cmTC_13dca.dir/CheckFunctionExists.c.o   -c /usr/share/cmake-3.16/Modules/CheckFunctionExists.c
Linking C executable cmTC_13dca
/usr/bin/cmake -E cmake_link_script CMakeFiles/cmTC_13dca.dir/link.txt --verbose=1
/usr/bin/cc  -DCHECK_FUNCTION_EXISTS=pthread_create    CMakeFiles/cmTC_13dca.dir/CheckFunctionExists.c.o  -o cmTC_13dca  -lpthreads 
/usr/bin/ld: cannot find -lpthreads
collect2: error: ld returned 1 exit status
make[1]: *** [CMakeFiles/cmTC_13dca.dir/build.make:87: cmTC_13dca] Error 1
make[1]: Leaving directory '/root/catkin_ws/newui_Greyform/build/CMakeFiles/CMakeTmp'
make: *** [Makefile:121: cmTC_13dca/fast] Error 2



Performing C SOURCE FILE Test CMAKE_HAVE_LIBC_PTHREAD failed with the following output:
Change Dir: /root/catkin_ws/newui_Greyform/build/CMakeFiles/CMakeTmp

Run Build Command(s):/usr/bin/make cmTC_9ab0b/fast && make[1]: Entering directory '/root/catkin_ws/newui_Greyform/build/CMakeFiles/CMakeTmp'
/usr/bin/make -f CMakeFiles/cmTC_9ab0b.dir/build.make CMakeFiles/cmTC_9ab0b.dir/build
make[2]: Entering directory '/root/catkin_ws/newui_Greyform/build/CMakeFiles/CMakeTmp'
Building C object CMakeFiles/cmTC_9ab0b.dir/src.c.o
/usr/bin/cc   -DCMAKE_HAVE_LIBC_PTHREAD   -o CMakeFiles/cmTC_9ab0b.dir/src.c.o   -c /root/catkin_ws/newui_Greyform/build/CMakeFiles/CMakeTmp/src.c
Linking C executable cmTC_9ab0b
/usr/bin/cmake -E cmake_link_script CMakeFiles/cmTC_9ab0b.dir/link.txt --verbose=1
/usr/bin/cc  -DCMAKE_HAVE_LIBC_PTHREAD    CMakeFiles/cmTC_9ab0b.dir/src.c.o  -o cmTC_9ab0b 
/usr/bin/ld: CMakeFiles/cmTC_9ab0b.dir/src.c.o: in function `main':
src.c:(.text+0x46): undefined reference to `pthread_create'
/usr/bin/ld: src.c:(.text+0x52): undefined reference to `pthread_detach'
/usr/bin/ld: src.c:(.text+0x63): undefined reference to `pthread_join'
collect2: error: ld returned 1 exit status
make[2]: *** [CMakeFiles/cmTC_9ab0b.dir/build.make:87: cmTC_9ab0b] Error 1
make[2]: Leaving directory '/root/catkin_ws/newui_Greyform/build/CMakeFiles/CMakeTmp'
make[1]: *** [Makefile:121: cmTC_9ab0b/fast] Error 2
make[1]: Leaving directory '/root/catkin_ws/newui_Greyform/build/CMakeFiles/CMakeTmp'


Source file was:
#include <pthread.h>

void* test_func(void* data)
{
  return data;
}

int main(void)
{
  pthread_t thread;
  pthread_create(&thread, NULL, test_func, NULL);
  pthread_detach(thread);
  pthread_join(thread, NULL);
  pthread_atfork(NULL, NULL, NULL);
  pthread_exit(NULL);

  return 0;
}

Determining if the function pthread_create exists in the pthreads failed with the following output:
Change Dir: /root/catkin_ws/newui_Greyform/build/CMakeFiles/CMakeTmp

Run Build Command(s):/usr/bin/make cmTC_d8b29/fast && make[1]: Entering directory '/root/catkin_ws/newui_Greyform/build/CMakeFiles/CMakeTmp'
/usr/bin/make -f CMakeFiles/cmTC_d8b29.dir/build.make CMakeFiles/cmTC_d8b29.dir/build
make[2]: Entering directory '/root/catkin_ws/newui_Greyform/build/CMakeFiles/CMakeTmp'
Building C object CMakeFiles/cmTC_d8b29.dir/CheckFunctionExists.c.o
/usr/bin/cc   -DCHECK_FUNCTION_EXISTS=pthread_create   -o CMakeFiles/cmTC_d8b29.dir/CheckFunctionExists.c.o   -c /usr/share/cmake-3.16/Modules/CheckFunctionExists.c
Linking C executable cmTC_d8b29
/usr/bin/cmake -E cmake_link_script CMakeFiles/cmTC_d8b29.dir/link.txt --verbose=1
/usr/bin/cc  -DCHECK_FUNCTION_EXISTS=pthread_create    CMakeFiles/cmTC_d8b29.dir/CheckFunctionExists.c.o  -o cmTC_d8b29  -lpthreads 
/usr/bin/ld: cannot find -lpthreads
collect2: error: ld returned 1 exit status
make[2]: *** [CMakeFiles/cmTC_d8b29.dir/build.make:87: cmTC_d8b29] Error 1
make[2]: Leaving directory '/root/catkin_ws/newui_Greyform/build/CMakeFiles/CMakeTmp'
make[1]: *** [Makefile:121: cmTC_d8b29/fast] Error 2
make[1]: Leaving directory '/root/catkin_ws/newui_Greyform/build/CMakeFiles/CMakeTmp'



Performing C SOURCE FILE Test CMAKE_HAVE_LIBC_PTHREAD failed with the following output:
Change Dir: /root/catkin_ws/newui_Greyform/build/CMakeFiles/CMakeTmp

Run Build Command(s):/usr/bin/make cmTC_c61a1/fast && /usr/bin/make -f CMakeFiles/cmTC_c61a1.dir/build.make CMakeFiles/cmTC_c61a1.dir/build
make[1]: Entering directory '/root/catkin_ws/newui_Greyform/build/CMakeFiles/CMakeTmp'
Building C object CMakeFiles/cmTC_c61a1.dir/src.c.o
/usr/bin/cc   -DCMAKE_HAVE_LIBC_PTHREAD   -o CMakeFiles/cmTC_c61a1.dir/src.c.o   -c /root/catkin_ws/newui_Greyform/build/CMakeFiles/CMakeTmp/src.c
Linking C executable cmTC_c61a1
/usr/bin/cmake -E cmake_link_script CMakeFiles/cmTC_c61a1.dir/link.txt --verbose=1
/usr/bin/cc  -DCMAKE_HAVE_LIBC_PTHREAD    CMakeFiles/cmTC_c61a1.dir/src.c.o  -o cmTC_c61a1 
/usr/bin/ld: CMakeFiles/cmTC_c61a1.dir/src.c.o: in function `main':
src.c:(.text+0x46): undefined reference to `pthread_create'
/usr/bin/ld: src.c:(.text+0x52): undefined reference to `pthread_detach'
/usr/bin/ld: src.c:(.text+0x63): undefined reference to `pthread_join'
collect2: error: ld returned 1 exit status
make[1]: *** [CMakeFiles/cmTC_c61a1.dir/build.make:87: cmTC_c61a1] Error 1
make[1]: Leaving directory '/root/catkin_ws/newui_Greyform/build/CMakeFiles/CMakeTmp'
make: *** [Makefile:121: cmTC_c61a1/fast] Error 2


Source file was:
#include <pthread.h>

void* test_func(void* data)
{
  return data;
}

int main(void)
{
  pthread_t thread;
  pthread_create(&thread, NULL, test_func, NULL);
  pthread_detach(thread);
  pthread_join(thread, NULL);
  pthread_atfork(NULL, NULL, NULL);
  pthread_exit(NULL);

  return 0;
}

Determining if the function pthread_create exists in the pthreads failed with the following output:
Change Dir: /root/catkin_ws/newui_Greyform/build/CMakeFiles/CMakeTmp

Run Build Command(s):/usr/bin/make cmTC_f8d11/fast && /usr/bin/make -f CMakeFiles/cmTC_f8d11.dir/build.make CMakeFiles/cmTC_f8d11.dir/build
make[1]: Entering directory '/root/catkin_ws/newui_Greyform/build/CMakeFiles/CMakeTmp'
Building C object CMakeFiles/cmTC_f8d11.dir/CheckFunctionExists.c.o
/usr/bin/cc   -DCHECK_FUNCTION_EXISTS=pthread_create   -o CMakeFiles/cmTC_f8d11.dir/CheckFunctionExists.c.o   -c /usr/share/cmake-3.16/Modules/CheckFunctionExists.c
Linking C executable cmTC_f8d11
/usr/bin/cmake -E cmake_link_script CMakeFiles/cmTC_f8d11.dir/link.txt --verbose=1
/usr/bin/cc  -DCHECK_FUNCTION_EXISTS=pthread_create    CMakeFiles/cmTC_f8d11.dir/CheckFunctionExists.c.o  -o cmTC_f8d11  -lpthreads 
/usr/bin/ld: cannot find -lpthreads
collect2: error: ld returned 1 exit status
make[1]: *** [CMakeFiles/cmTC_f8d11.dir/build.make:87: cmTC_f8d11] Error 1
make[1]: Leaving directory '/root/catkin_ws/newui_Greyform/build/CMakeFiles/CMakeTmp'
make: *** [Makefile:121: cmTC_f8d11/fast] Error 2



Performing C SOURCE FILE Test CMAKE_HAVE_LIBC_PTHREAD failed with the following output:
Change Dir: /root/catkin_ws/newui_Greyform/build/CMakeFiles/CMakeTmp

Run Build Command(s):/usr/bin/make cmTC_40482/fast && /usr/bin/make -f CMakeFiles/cmTC_40482.dir/build.make CMakeFiles/cmTC_40482.dir/build
make[1]: Entering directory '/root/catkin_ws/newui_Greyform/build/CMakeFiles/CMakeTmp'
Building C object CMakeFiles/cmTC_40482.dir/src.c.o
/usr/bin/cc   -DCMAKE_HAVE_LIBC_PTHREAD   -o CMakeFiles/cmTC_40482.dir/src.c.o   -c /root/catkin_ws/newui_Greyform/build/CMakeFiles/CMakeTmp/src.c
Linking C executable cmTC_40482
/usr/bin/cmake -E cmake_link_script CMakeFiles/cmTC_40482.dir/link.txt --verbose=1
/usr/bin/cc  -DCMAKE_HAVE_LIBC_PTHREAD    CMakeFiles/cmTC_40482.dir/src.c.o  -o cmTC_40482 
/usr/bin/ld: CMakeFiles/cmTC_40482.dir/src.c.o: in function `main':
src.c:(.text+0x46): undefined reference to `pthread_create'
/usr/bin/ld: src.c:(.text+0x52): undefined reference to `pthread_detach'
/usr/bin/ld: src.c:(.text+0x63): undefined reference to `pthread_join'
collect2: error: ld returned 1 exit status
make[1]: *** [CMakeFiles/cmTC_40482.dir/build.make:87: cmTC_40482] Error 1
make[1]: Leaving directory '/root/catkin_ws/newui_Greyform/build/CMakeFiles/CMakeTmp'
make: *** [Makefile:121: cmTC_40482/fast] Error 2


Source file was:
#include <pthread.h>

void* test_func(void* data)
{
  return data;
}

int main(void)
{
  pthread_t thread;
  pthread_create(&thread, NULL, test_func, NULL);
  pthread_detach(thread);
  pthread_join(thread, NULL);
  pthread_atfork(NULL, NULL, NULL);
  pthread_exit(NULL);

  return 0;
}

Determining if the function pthread_create exists in the pthreads failed with the following output:
Change Dir: /root/catkin_ws/newui_Greyform/build/CMakeFiles/CMakeTmp

Run Build Command(s):/usr/bin/make cmTC_fef95/fast && /usr/bin/make -f CMakeFiles/cmTC_fef95.dir/build.make CMakeFiles/cmTC_fef95.dir/build
make[1]: Entering directory '/root/catkin_ws/newui_Greyform/build/CMakeFiles/CMakeTmp'
Building C object CMakeFiles/cmTC_fef95.dir/CheckFunctionExists.c.o
/usr/bin/cc   -DCHECK_FUNCTION_EXISTS=pthread_create   -o CMakeFiles/cmTC_fef95.dir/CheckFunctionExists.c.o   -c /usr/share/cmake-3.16/Modules/CheckFunctionExists.c
Linking C executable cmTC_fef95
/usr/bin/cmake -E cmake_link_script CMakeFiles/cmTC_fef95.dir/link.txt --verbose=1
/usr/bin/cc  -DCHECK_FUNCTION_EXISTS=pthread_create    CMakeFiles/cmTC_fef95.dir/CheckFunctionExists.c.o  -o cmTC_fef95  -lpthreads 
/usr/bin/ld: cannot find -lpthreads
collect2: error: ld returned 1 exit status
make[1]: *** [CMakeFiles/cmTC_fef95.dir/build.make:87: cmTC_fef95] Error 1
make[1]: Leaving directory '/root/catkin_ws/newui_Greyform/build/CMakeFiles/CMakeTmp'
make: *** [Makefile:121: cmTC_fef95/fast] Error 2



Performing C SOURCE FILE Test CMAKE_HAVE_LIBC_PTHREAD failed with the following output:
Change Dir: /root/catkin_ws/newui_Greyform/build/CMakeFiles/CMakeTmp

Run Build Command(s):/usr/bin/make cmTC_35b78/fast && /usr/bin/make -f CMakeFiles/cmTC_35b78.dir/build.make CMakeFiles/cmTC_35b78.dir/build
make[1]: Entering directory '/root/catkin_ws/newui_Greyform/build/CMakeFiles/CMakeTmp'
Building C object CMakeFiles/cmTC_35b78.dir/src.c.o
/usr/bin/cc   -DCMAKE_HAVE_LIBC_PTHREAD   -o CMakeFiles/cmTC_35b78.dir/src.c.o   -c /root/catkin_ws/newui_Greyform/build/CMakeFiles/CMakeTmp/src.c
Linking C executable cmTC_35b78
/usr/bin/cmake -E cmake_link_script CMakeFiles/cmTC_35b78.dir/link.txt --verbose=1
/usr/bin/cc  -DCMAKE_HAVE_LIBC_PTHREAD    CMakeFiles/cmTC_35b78.dir/src.c.o  -o cmTC_35b78 
/usr/bin/ld: CMakeFiles/cmTC_35b78.dir/src.c.o: in function `main':
src.c:(.text+0x46): undefined reference to `pthread_create'
/usr/bin/ld: src.c:(.text+0x52): undefined reference to `pthread_detach'
/usr/bin/ld: src.c:(.text+0x63): undefined reference to `pthread_join'
collect2: error: ld returned 1 exit status
make[1]: *** [CMakeFiles/cmTC_35b78.dir/build.make:87: cmTC_35b78] Error 1
make[1]: Leaving directory '/root/catkin_ws/newui_Greyform/build/CMakeFiles/CMakeTmp'
make: *** [Makefile:121: cmTC_35b78/fast] Error 2


Source file was:
#include <pthread.h>

void* test_func(void* data)
{
  return data;
}

int main(void)
{
  pthread_t thread;
  pthread_create(&thread, NULL, test_func, NULL);
  pthread_detach(thread);
  pthread_join(thread, NULL);
  pthread_atfork(NULL, NULL, NULL);
  pthread_exit(NULL);

  return 0;
}

Determining if the function pthread_create exists in the pthreads failed with the following output:
Change Dir: /root/catkin_ws/newui_Greyform/build/CMakeFiles/CMakeTmp

Run Build Command(s):/usr/bin/make cmTC_e85bd/fast && /usr/bin/make -f CMakeFiles/cmTC_e85bd.dir/build.make CMakeFiles/cmTC_e85bd.dir/build
make[1]: Entering directory '/root/catkin_ws/newui_Greyform/build/CMakeFiles/CMakeTmp'
Building C object CMakeFiles/cmTC_e85bd.dir/CheckFunctionExists.c.o
/usr/bin/cc   -DCHECK_FUNCTION_EXISTS=pthread_create   -o CMakeFiles/cmTC_e85bd.dir/CheckFunctionExists.c.o   -c /usr/share/cmake-3.16/Modules/CheckFunctionExists.c
Linking C executable cmTC_e85bd
/usr/bin/cmake -E cmake_link_script CMakeFiles/cmTC_e85bd.dir/link.txt --verbose=1
/usr/bin/cc  -DCHECK_FUNCTION_EXISTS=pthread_create    CMakeFiles/cmTC_e85bd.dir/CheckFunctionExists.c.o  -o cmTC_e85bd  -lpthreads 
/usr/bin/ld: cannot find -lpthreads
collect2: error: ld returned 1 exit status
make[1]: *** [CMakeFiles/cmTC_e85bd.dir/build.make:87: cmTC_e85bd] Error 1
make[1]: Leaving directory '/root/catkin_ws/newui_Greyform/build/CMakeFiles/CMakeTmp'
make: *** [Makefile:121: cmTC_e85bd/fast] Error 2



Performing C SOURCE FILE Test CMAKE_HAVE_LIBC_PTHREAD failed with the following output:
Change Dir: /root/catkin_ws/newui_Greyform/build/CMakeFiles/CMakeTmp

Run Build Command(s):/usr/bin/make cmTC_4aec8/fast && make[1]: Entering directory '/root/catkin_ws/newui_Greyform/build/CMakeFiles/CMakeTmp'
/usr/bin/make -f CMakeFiles/cmTC_4aec8.dir/build.make CMakeFiles/cmTC_4aec8.dir/build
make[2]: Entering directory '/root/catkin_ws/newui_Greyform/build/CMakeFiles/CMakeTmp'
Building C object CMakeFiles/cmTC_4aec8.dir/src.c.o
/usr/bin/cc   -DCMAKE_HAVE_LIBC_PTHREAD   -o CMakeFiles/cmTC_4aec8.dir/src.c.o   -c /root/catkin_ws/newui_Greyform/build/CMakeFiles/CMakeTmp/src.c
Linking C executable cmTC_4aec8
/usr/bin/cmake -E cmake_link_script CMakeFiles/cmTC_4aec8.dir/link.txt --verbose=1
/usr/bin/cc  -DCMAKE_HAVE_LIBC_PTHREAD    CMakeFiles/cmTC_4aec8.dir/src.c.o  -o cmTC_4aec8 
/usr/bin/ld: CMakeFiles/cmTC_4aec8.dir/src.c.o: in function `main':
src.c:(.text+0x46): undefined reference to `pthread_create'
/usr/bin/ld: src.c:(.text+0x52): undefined reference to `pthread_detach'
/usr/bin/ld: src.c:(.text+0x63): undefined reference to `pthread_join'
collect2: error: ld returned 1 exit status
make[2]: *** [CMakeFiles/cmTC_4aec8.dir/build.make:87: cmTC_4aec8] Error 1
make[2]: Leaving directory '/root/catkin_ws/newui_Greyform/build/CMakeFiles/CMakeTmp'
make[1]: *** [Makefile:121: cmTC_4aec8/fast] Error 2
make[1]: Leaving directory '/root/catkin_ws/newui_Greyform/build/CMakeFiles/CMakeTmp'


Source file was:
#include <pthread.h>

void* test_func(void* data)
{
  return data;
}

int main(void)
{
  pthread_t thread;
  pthread_create(&thread, NULL, test_func, NULL);
  pthread_detach(thread);
  pthread_join(thread, NULL);
  pthread_atfork(NULL, NULL, NULL);
  pthread_exit(NULL);

  return 0;
}

Determining if the function pthread_create exists in the pthreads failed with the following output:
Change Dir: /root/catkin_ws/newui_Greyform/build/CMakeFiles/CMakeTmp

Run Build Command(s):/usr/bin/make cmTC_552e5/fast && make[1]: Entering directory '/root/catkin_ws/newui_Greyform/build/CMakeFiles/CMakeTmp'
/usr/bin/make -f CMakeFiles/cmTC_552e5.dir/build.make CMakeFiles/cmTC_552e5.dir/build
make[2]: Entering directory '/root/catkin_ws/newui_Greyform/build/CMakeFiles/CMakeTmp'
Building C object CMakeFiles/cmTC_552e5.dir/CheckFunctionExists.c.o
/usr/bin/cc   -DCHECK_FUNCTION_EXISTS=pthread_create   -o CMakeFiles/cmTC_552e5.dir/CheckFunctionExists.c.o   -c /usr/share/cmake-3.16/Modules/CheckFunctionExists.c
Linking C executable cmTC_552e5
/usr/bin/cmake -E cmake_link_script CMakeFiles/cmTC_552e5.dir/link.txt --verbose=1
/usr/bin/cc  -DCHECK_FUNCTION_EXISTS=pthread_create    CMakeFiles/cmTC_552e5.dir/CheckFunctionExists.c.o  -o cmTC_552e5  -lpthreads 
/usr/bin/ld: cannot find -lpthreads
collect2: error: ld returned 1 exit status
make[2]: *** [CMakeFiles/cmTC_552e5.dir/build.make:87: cmTC_552e5] Error 1
make[2]: Leaving directory '/root/catkin_ws/newui_Greyform/build/CMakeFiles/CMakeTmp'
make[1]: *** [Makefile:121: cmTC_552e5/fast] Error 2
make[1]: Leaving directory '/root/catkin_ws/newui_Greyform/build/CMakeFiles/CMakeTmp'



Performing C SOURCE FILE Test CMAKE_HAVE_LIBC_PTHREAD failed with the following output:
Change Dir: /root/catkin_ws/newui_Greyform/build/CMakeFiles/CMakeTmp

Run Build Command(s):/usr/bin/make cmTC_45933/fast && make[1]: Entering directory '/root/catkin_ws/newui_Greyform/build/CMakeFiles/CMakeTmp'
/usr/bin/make -f CMakeFiles/cmTC_45933.dir/build.make CMakeFiles/cmTC_45933.dir/build
make[2]: Entering directory '/root/catkin_ws/newui_Greyform/build/CMakeFiles/CMakeTmp'
Building C object CMakeFiles/cmTC_45933.dir/src.c.o
/usr/bin/cc   -DCMAKE_HAVE_LIBC_PTHREAD   -o CMakeFiles/cmTC_45933.dir/src.c.o   -c /root/catkin_ws/newui_Greyform/build/CMakeFiles/CMakeTmp/src.c
Linking C executable cmTC_45933
/usr/bin/cmake -E cmake_link_script CMakeFiles/cmTC_45933.dir/link.txt --verbose=1
/usr/bin/cc  -DCMAKE_HAVE_LIBC_PTHREAD    CMakeFiles/cmTC_45933.dir/src.c.o  -o cmTC_45933 
/usr/bin/ld: CMakeFiles/cmTC_45933.dir/src.c.o: in function `main':
src.c:(.text+0x46): undefined reference to `pthread_create'
/usr/bin/ld: src.c:(.text+0x52): undefined reference to `pthread_detach'
/usr/bin/ld: src.c:(.text+0x63): undefined reference to `pthread_join'
collect2: error: ld returned 1 exit status
make[2]: *** [CMakeFiles/cmTC_45933.dir/build.make:87: cmTC_45933] Error 1
make[2]: Leaving directory '/root/catkin_ws/newui_Greyform/build/CMakeFiles/CMakeTmp'
make[1]: *** [Makefile:121: cmTC_45933/fast] Error 2
make[1]: Leaving directory '/root/catkin_ws/newui_Greyform/build/CMakeFiles/CMakeTmp'


Source file was:
#include <pthread.h>

void* test_func(void* data)
{
  return data;
}

int main(void)
{
  pthread_t thread;
  pthread_create(&thread, NULL, test_func, NULL);
  pthread_detach(thread);
  pthread_join(thread, NULL);
  pthread_atfork(NULL, NULL, NULL);
  pthread_exit(NULL);

  return 0;
}

Determining if the function pthread_create exists in the pthreads failed with the following output:
Change Dir: /root/catkin_ws/newui_Greyform/build/CMakeFiles/CMakeTmp

Run Build Command(s):/usr/bin/make cmTC_41b97/fast && make[1]: Entering directory '/root/catkin_ws/newui_Greyform/build/CMakeFiles/CMakeTmp'
/usr/bin/make -f CMakeFiles/cmTC_41b97.dir/build.make CMakeFiles/cmTC_41b97.dir/build
make[2]: Entering directory '/root/catkin_ws/newui_Greyform/build/CMakeFiles/CMakeTmp'
Building C object CMakeFiles/cmTC_41b97.dir/CheckFunctionExists.c.o
/usr/bin/cc   -DCHECK_FUNCTION_EXISTS=pthread_create   -o CMakeFiles/cmTC_41b97.dir/CheckFunctionExists.c.o   -c /usr/share/cmake-3.16/Modules/CheckFunctionExists.c
Linking C executable cmTC_41b97
/usr/bin/cmake -E cmake_link_script CMakeFiles/cmTC_41b97.dir/link.txt --verbose=1
/usr/bin/cc  -DCHECK_FUNCTION_EXISTS=pthread_create    CMakeFiles/cmTC_41b97.dir/CheckFunctionExists.c.o  -o cmTC_41b97  -lpthreads 
/usr/bin/ld: cannot find -lpthreads
collect2: error: ld returned 1 exit status
make[2]: *** [CMakeFiles/cmTC_41b97.dir/build.make:87: cmTC_41b97] Error 1
make[2]: Leaving directory '/root/catkin_ws/newui_Greyform/build/CMakeFiles/CMakeTmp'
make[1]: *** [Makefile:121: cmTC_41b97/fast] Error 2
make[1]: Leaving directory '/root/catkin_ws/newui_Greyform/build/CMakeFiles/CMakeTmp'



Performing C SOURCE FILE Test CMAKE_HAVE_LIBC_PTHREAD failed with the following output:
Change Dir: /root/catkin_ws/newui_Greyform/build/CMakeFiles/CMakeTmp

Run Build Command(s):/usr/bin/make cmTC_ffdf3/fast && make[1]: Entering directory '/root/catkin_ws/newui_Greyform/build/CMakeFiles/CMakeTmp'
/usr/bin/make -f CMakeFiles/cmTC_ffdf3.dir/build.make CMakeFiles/cmTC_ffdf3.dir/build
make[2]: Entering directory '/root/catkin_ws/newui_Greyform/build/CMakeFiles/CMakeTmp'
Building C object CMakeFiles/cmTC_ffdf3.dir/src.c.o
/usr/bin/cc   -DCMAKE_HAVE_LIBC_PTHREAD   -o CMakeFiles/cmTC_ffdf3.dir/src.c.o   -c /root/catkin_ws/newui_Greyform/build/CMakeFiles/CMakeTmp/src.c
Linking C executable cmTC_ffdf3
/usr/bin/cmake -E cmake_link_script CMakeFiles/cmTC_ffdf3.dir/link.txt --verbose=1
/usr/bin/cc  -DCMAKE_HAVE_LIBC_PTHREAD    CMakeFiles/cmTC_ffdf3.dir/src.c.o  -o cmTC_ffdf3 
/usr/bin/ld: CMakeFiles/cmTC_ffdf3.dir/src.c.o: in function `main':
src.c:(.text+0x46): undefined reference to `pthread_create'
/usr/bin/ld: src.c:(.text+0x52): undefined reference to `pthread_detach'
/usr/bin/ld: src.c:(.text+0x63): undefined reference to `pthread_join'
collect2: error: ld returned 1 exit status
make[2]: *** [CMakeFiles/cmTC_ffdf3.dir/build.make:87: cmTC_ffdf3] Error 1
make[2]: Leaving directory '/root/catkin_ws/newui_Greyform/build/CMakeFiles/CMakeTmp'
make[1]: *** [Makefile:121: cmTC_ffdf3/fast] Error 2
make[1]: Leaving directory '/root/catkin_ws/newui_Greyform/build/CMakeFiles/CMakeTmp'


Source file was:
#include <pthread.h>

void* test_func(void* data)
{
  return data;
}

int main(void)
{
  pthread_t thread;
  pthread_create(&thread, NULL, test_func, NULL);
  pthread_detach(thread);
  pthread_join(thread, NULL);
  pthread_atfork(NULL, NULL, NULL);
  pthread_exit(NULL);

  return 0;
}

Determining if the function pthread_create exists in the pthreads failed with the following output:
Change Dir: /root/catkin_ws/newui_Greyform/build/CMakeFiles/CMakeTmp

Run Build Command(s):/usr/bin/make cmTC_d0853/fast && make[1]: Entering directory '/root/catkin_ws/newui_Greyform/build/CMakeFiles/CMakeTmp'
/usr/bin/make -f CMakeFiles/cmTC_d0853.dir/build.make CMakeFiles/cmTC_d0853.dir/build
make[2]: Entering directory '/root/catkin_ws/newui_Greyform/build/CMakeFiles/CMakeTmp'
Building C object CMakeFiles/cmTC_d0853.dir/CheckFunctionExists.c.o
/usr/bin/cc   -DCHECK_FUNCTION_EXISTS=pthread_create   -o CMakeFiles/cmTC_d0853.dir/CheckFunctionExists.c.o   -c /usr/share/cmake-3.16/Modules/CheckFunctionExists.c
Linking C executable cmTC_d0853
/usr/bin/cmake -E cmake_link_script CMakeFiles/cmTC_d0853.dir/link.txt --verbose=1
/usr/bin/cc  -DCHECK_FUNCTION_EXISTS=pthread_create    CMakeFiles/cmTC_d0853.dir/CheckFunctionExists.c.o  -o cmTC_d0853  -lpthreads 
/usr/bin/ld: cannot find -lpthreads
collect2: error: ld returned 1 exit status
make[2]: *** [CMakeFiles/cmTC_d0853.dir/build.make:87: cmTC_d0853] Error 1
make[2]: Leaving directory '/root/catkin_ws/newui_Greyform/build/CMakeFiles/CMakeTmp'
make[1]: *** [Makefile:121: cmTC_d0853/fast] Error 2
make[1]: Leaving directory '/root/catkin_ws/newui_Greyform/build/CMakeFiles/CMakeTmp'



Performing C SOURCE FILE Test CMAKE_HAVE_LIBC_PTHREAD failed with the following output:
Change Dir: /root/catkin_ws/newui_Greyform/build/CMakeFiles/CMakeTmp

Run Build Command(s):/usr/bin/make cmTC_a186b/fast && make[1]: Entering directory '/root/catkin_ws/newui_Greyform/build/CMakeFiles/CMakeTmp'
/usr/bin/make -f CMakeFiles/cmTC_a186b.dir/build.make CMakeFiles/cmTC_a186b.dir/build
make[2]: Entering directory '/root/catkin_ws/newui_Greyform/build/CMakeFiles/CMakeTmp'
Building C object CMakeFiles/cmTC_a186b.dir/src.c.o
/usr/bin/cc   -DCMAKE_HAVE_LIBC_PTHREAD   -o CMakeFiles/cmTC_a186b.dir/src.c.o   -c /root/catkin_ws/newui_Greyform/build/CMakeFiles/CMakeTmp/src.c
Linking C executable cmTC_a186b
/usr/bin/cmake -E cmake_link_script CMakeFiles/cmTC_a186b.dir/link.txt --verbose=1
/usr/bin/cc  -DCMAKE_HAVE_LIBC_PTHREAD    CMakeFiles/cmTC_a186b.dir/src.c.o  -o cmTC_a186b 
/usr/bin/ld: CMakeFiles/cmTC_a186b.dir/src.c.o: in function `main':
src.c:(.text+0x46): undefined reference to `pthread_create'
/usr/bin/ld: src.c:(.text+0x52): undefined reference to `pthread_detach'
/usr/bin/ld: src.c:(.text+0x63): undefined reference to `pthread_join'
collect2: error: ld returned 1 exit status
make[2]: *** [CMakeFiles/cmTC_a186b.dir/build.make:87: cmTC_a186b] Error 1
make[2]: Leaving directory '/root/catkin_ws/newui_Greyform/build/CMakeFiles/CMakeTmp'
make[1]: *** [Makefile:121: cmTC_a186b/fast] Error 2
make[1]: Leaving directory '/root/catkin_ws/newui_Greyform/build/CMakeFiles/CMakeTmp'


Source file was:
#include <pthread.h>

void* test_func(void* data)
{
  return data;
}

int main(void)
{
  pthread_t thread;
  pthread_create(&thread, NULL, test_func, NULL);
  pthread_detach(thread);
  pthread_join(thread, NULL);
  pthread_atfork(NULL, NULL, NULL);
  pthread_exit(NULL);

  return 0;
}

Determining if the function pthread_create exists in the pthreads failed with the following output:
Change Dir: /root/catkin_ws/newui_Greyform/build/CMakeFiles/CMakeTmp

Run Build Command(s):/usr/bin/make cmTC_34a5a/fast && make[1]: Entering directory '/root/catkin_ws/newui_Greyform/build/CMakeFiles/CMakeTmp'
/usr/bin/make -f CMakeFiles/cmTC_34a5a.dir/build.make CMakeFiles/cmTC_34a5a.dir/build
make[2]: Entering directory '/root/catkin_ws/newui_Greyform/build/CMakeFiles/CMakeTmp'
Building C object CMakeFiles/cmTC_34a5a.dir/CheckFunctionExists.c.o
/usr/bin/cc   -DCHECK_FUNCTION_EXISTS=pthread_create   -o CMakeFiles/cmTC_34a5a.dir/CheckFunctionExists.c.o   -c /usr/share/cmake-3.16/Modules/CheckFunctionExists.c
Linking C executable cmTC_34a5a
/usr/bin/cmake -E cmake_link_script CMakeFiles/cmTC_34a5a.dir/link.txt --verbose=1
/usr/bin/cc  -DCHECK_FUNCTION_EXISTS=pthread_create    CMakeFiles/cmTC_34a5a.dir/CheckFunctionExists.c.o  -o cmTC_34a5a  -lpthreads 
/usr/bin/ld: cannot find -lpthreads
collect2: error: ld returned 1 exit status
make[2]: *** [CMakeFiles/cmTC_34a5a.dir/build.make:87: cmTC_34a5a] Error 1
make[2]: Leaving directory '/root/catkin_ws/newui_Greyform/build/CMakeFiles/CMakeTmp'
make[1]: *** [Makefile:121: cmTC_34a5a/fast] Error 2
make[1]: Leaving directory '/root/catkin_ws/newui_Greyform/build/CMakeFiles/CMakeTmp'



