[5.146s] Invoking command in '/home/ubuntu/ros2_ws/src/Greyform-linux/Python_Application/build/talker_listener': PYTHONPATH=/home/ubuntu/ros2_ws/src/Greyform-linux/Python_Application/build/talker_listener/prefix_override:/usr/lib/python3/dist-packages/colcon_core/task/python/colcon_distutils_commands:/home/ubuntu/ros2_ws/src/Greyform-linux/Python_Application/install/talker_listener/lib/python3.10/site-packages:${PYTHONPATH} /usr/bin/python3 -W ignore:setup.py install is deprecated -W ignore:easy_install command is deprecated setup.py develop --editable --build-directory /home/ubuntu/ros2_ws/src/Greyform-linux/Python_Application/build/talker_listener/build --no-deps symlink_data
[7.297s] running develop
[8.678s] running egg_info
[8.679s] creating talker_listener.egg-info
[8.679s] writing talker_listener.egg-info/PKG-INFO
[8.681s] writing dependency_links to talker_listener.egg-info/dependency_links.txt
[8.683s] writing entry points to talker_listener.egg-info/entry_points.txt
[8.683s] writing requirements to talker_listener.egg-info/requires.txt
[8.684s] writing top-level names to talker_listener.egg-info/top_level.txt
[8.684s] writing manifest file 'talker_listener.egg-info/SOURCES.txt'
[8.693s] reading manifest file 'talker_listener.egg-info/SOURCES.txt'
[8.695s] writing manifest file 'talker_listener.egg-info/SOURCES.txt'
[8.708s] running build_ext
[8.709s] Creating /home/ubuntu/ros2_ws/src/Greyform-linux/Python_Application/install/talker_listener/lib/python3.10/site-packages/talker-listener.egg-link (link to .)
[8.714s] Installing listener_node script to /home/ubuntu/ros2_ws/src/Greyform-linux/Python_Application/install/talker_listener/lib/talker_listener
[8.715s] Installing talker_node script to /home/ubuntu/ros2_ws/src/Greyform-linux/Python_Application/install/talker_listener/lib/talker_listener
[8.715s] 
[8.716s] Installed /home/ubuntu/ros2_ws/src/Greyform-linux/Python_Application/build/talker_listener
[8.717s] running symlink_data
[8.717s] creating /home/ubuntu/ros2_ws/src/Greyform-linux/Python_Application/install/talker_listener/share/ament_index
[8.718s] creating /home/ubuntu/ros2_ws/src/Greyform-linux/Python_Application/install/talker_listener/share/ament_index/resource_index
[8.718s] creating /home/ubuntu/ros2_ws/src/Greyform-linux/Python_Application/install/talker_listener/share/ament_index/resource_index/packages
[8.718s] symbolically linking /home/ubuntu/ros2_ws/src/Greyform-linux/Python_Application/build/talker_listener/resource/talker_listener -> /home/ubuntu/ros2_ws/src/Greyform-linux/Python_Application/install/talker_listener/share/ament_index/resource_index/packages
[8.719s] symbolically linking /home/ubuntu/ros2_ws/src/Greyform-linux/Python_Application/build/talker_listener/package.xml -> /home/ubuntu/ros2_ws/src/Greyform-linux/Python_Application/install/talker_listener/share/talker_listener
[8.859s] Invoked command in '/home/ubuntu/ros2_ws/src/Greyform-linux/Python_Application/build/talker_listener' returned '0': PYTHONPATH=/home/ubuntu/ros2_ws/src/Greyform-linux/Python_Application/build/talker_listener/prefix_override:/usr/lib/python3/dist-packages/colcon_core/task/python/colcon_distutils_commands:/home/ubuntu/ros2_ws/src/Greyform-linux/Python_Application/install/talker_listener/lib/python3.10/site-packages:${PYTHONPATH} /usr/bin/python3 -W ignore:setup.py install is deprecated -W ignore:easy_install command is deprecated setup.py develop --editable --build-directory /home/ubuntu/ros2_ws/src/Greyform-linux/Python_Application/build/talker_listener/build --no-deps symlink_data
